./src/IO/Disks/Disk_400GB_LI/Disk_400GB_LI.h
./src/IO/Disks/Disk_400GB_LI/Disk_400GB_LI.cc
./src/IO/Disks/SimpleDisk/SimpleDisk.cc
./src/IO/Disks/SimpleDisk/SimpleDisk.h
./src/SMS/SplittingMessageSystem.h
./src/SMS/SMS_RAID_0.h
./src/SMS/SMS_NFS.h
./src/SMS/SMS_MainMemory.cc
./src/SMS/SMS_PFS.h
./src/SMS/SMS_RAID_0.cc
./src/SMS/SMS_MainMemory.h
./src/SMS/SMS_Branch.h
./src/SMS/SplittingMessageSystem.cc
./src/SMS/SMS_NFS.cc
./src/SMS/SIMCAN_Request.h
./src/SMS/SIMCAN_Request.cc
./src/SMS/SMS_Branch.cc
./src/SMS/SMS_PFS.cc
./src/Applications/AppSystemRequests/AppSystemRequests.cc
./src/Applications/AppSystemRequests/AppSystemRequests.h
./src/Applications/AppMPI_Base/AppMPI_Base.cc
./src/Applications/AppMPI_Base/MPI_Call.h
./src/Applications/AppMPI_Base/AppMPI_Base.h
./src/Applications/AppMPI_Base/MPI_Call.cc
./src/Applications/Apps/NFS_Client/NFS_Client.h
./src/Applications/Apps/NFS_Client/NFS_Client.cc
./src/Applications/Apps/NFS_Server/NFS_Server.cc
./src/Applications/Apps/NFS_Server/NFS_Server.h
./src/Applications/Apps/ApplicationHPC/ApplicationHPC.h
./src/Applications/Apps/ApplicationHPC/ApplicationHPC.cc
./src/Applications/Apps/LocalApplication/LocalApplication.h
./src/Applications/Apps/LocalApplication/LocalApplication.cc
./src/Applications/Apps/TracePlayer_Sequential/TracePlayer_Sequential.cc
./src/Applications/Apps/TracePlayer_Sequential/TracePlayer_Sequential.h
./src/Applications/Apps/ApplicationHTC/ApplicationHTC.cc
./src/Applications/Apps/ApplicationHTC/ApplicationHTC.h
./src/Applications/Apps/TracePlayer_MPI/TracePlayer_MPI.cc
./src/Applications/Apps/TracePlayer_MPI/TracePlayer_MPI.h
./src/Applications/Apps/ApplicationCheckpoint/ApplicationCheckpoint.h
./src/Applications/Apps/ApplicationCheckpoint/ApplicationCheckpoint.cc
./src/Applications/Apps/PFS_Client/PFS_Client.cc
./src/Applications/Apps/PFS_Client/PFS_Client.h
./src/Messages/SIMCAN_App_IO_Message.cc
./src/Messages/SIMCAN_App_NET_Message.h
./src/Messages/SIMCAN_App_IO_Message.h
./src/Messages/SIMCAN_Message.h
./src/Messages/SIMCAN_App_CPU_Message.h
./src/Messages/magic.h
./src/Messages/SIMCAN_Message.cc
./src/Messages/SIMCAN_MPI_Message.h
./src/Messages/SIMCAN_App_NET_Message.cc
./src/Messages/SIMCAN_App_MEM_Message.h
./src/Messages/SIMCAN_MPI_Message.cc
./src/Messages/SIMCAN_File.cc
./src/Messages/SIMCAN_Message_m.h
./src/Messages/SIMCAN_App_MEM_Message.cc
./src/Messages/SIMCAN_App_CPU_Message.cc
./src/Messages/SIMCAN_BlockList_Message.h
./src/Messages/SIMCAN_File.h
./src/Messages/SIMCAN_BlockList_Message.cc
./src/Messages/SIMCAN_Message_m.cc
./src/Base/cfgMPI.h
./src/Base/FileConfigManager.h
./src/Base/cfgIOR.h
./src/Base/cfgPreloadFS.h
./src/Base/include/SIMCAN_debug.h
./src/Base/include/SIMCAN_types.h
./src/Base/cfgPreloadFS.cc
./src/Base/SIMCAN_MemoryBlock.h
./src/Base/cSIMCAN_Base.h
./src/Base/cfgIOR.cc
./src/Base/cfgGraphMPI.cc
./src/Base/SIMCAN_MemoryBlock.cc
./src/Base/cSIMCAN_Base.cc
./src/Base/cfgGraphMPI.h
./src/Base/FileConfigManager.cc
./src/Base/cfgServers.cc
./src/Base/cfgServers.h
./src/Base/cfgMPI.cc
./src/OperatingSystems/CPU_Schedulers/CPU_Scheduler_FIFO/CPU_Scheduler_FIFO.h
./src/OperatingSystems/CPU_Schedulers/CPU_Scheduler_FIFO/CPU_Scheduler_FIFO.cc
./src/OperatingSystems/CPU_Schedulers/CPU_Scheduler_RR/CPU_Scheduler_RR.cc
./src/OperatingSystems/CPU_Schedulers/CPU_Scheduler_RR/CPU_Scheduler_RR.h
./src/OperatingSystems/FileSystems/FileSystems/Parallel_FS/Parallel_FS.cc
./src/OperatingSystems/FileSystems/FileSystems/Parallel_FS/Parallel_FS.h
./src/OperatingSystems/FileSystems/FileSystems/NFS_FS/NFS_FS.h
./src/OperatingSystems/FileSystems/FileSystems/NFS_FS/NFS_FS.cc
./src/OperatingSystems/FileSystems/FileSystems/DI_FileSystem/DI_FileSystem.cc
./src/OperatingSystems/FileSystems/FileSystems/DI_FileSystem/DI_FileSystem.h
./src/OperatingSystems/FileSystems/FileSystems/Basic_FileSystem/Basic_FileSystem.cc
./src/OperatingSystems/FileSystems/FileSystems/Basic_FileSystem/Basic_FileSystem.h
./src/OperatingSystems/IORedirectors/IORedirector/IORedirector.cc
./src/OperatingSystems/IORedirectors/IORedirector/IORedirector.h
./src/OperatingSystems/VolumeManagers/BlockSchedulers/NullBlockScheduler/NullBlockScheduler.h
./src/OperatingSystems/VolumeManagers/BlockSchedulers/NullBlockScheduler/NullBlockScheduler.cc
./src/OperatingSystems/VolumeManagers/BlockSchedulers/BranchScheduler/BranchScheduler.h
./src/OperatingSystems/VolumeManagers/BlockSchedulers/BranchScheduler/BranchScheduler.cc
./src/OperatingSystems/VolumeManagers/BlockManagers/NullBlockManager/NullBlockManager.h
./src/OperatingSystems/VolumeManagers/BlockManagers/NullBlockManager/NullBlockManager.cc
./src/OperatingSystems/VolumeManagers/BlockManagers/BlockManager/BlockManager.cc
./src/OperatingSystems/VolumeManagers/BlockManagers/BlockManager/BlockManager.h
./src/OperatingSystems/CPUs/CPUcores/CPUcore/CPUcore.cc
./src/OperatingSystems/CPUs/CPUcores/CPUcore/CPUcore.h
./src/OperatingSystems/Memories/MainMemories/MainMemory/MainMemory.h
./src/OperatingSystems/Memories/MainMemories/MainMemory/MainMemory.cc
./src/OperatingSystems/Memories/MainMemories/BasicMainMemory/BasicMainMemory.h
./src/OperatingSystems/Memories/MainMemories/BasicMainMemory/BasicMainMemory.cc
./src/OperatingSystems/Memories/MainMemories/MainMemory_CacheBlockLatencies/MainMemory_CacheBlockLatencies.cc
./src/OperatingSystems/Memories/MainMemories/MainMemory_CacheBlockLatencies/MainMemory_CacheBlockLatencies.h
./src/OperatingSystems/Memories/MainMemories/NullMemory/NullMemory.cc
./src/OperatingSystems/Memories/MainMemories/NullMemory/NullMemory.h
./src/OperatingSystems/Memories/Caches/NullCache/NullCache.h
./src/OperatingSystems/Memories/Caches/NullCache/NullCache.cc
./src/OperatingSystems/Memories/Caches/BlockCache/BlockCache.h
./src/OperatingSystems/Memories/Caches/BlockCache/BlockCache.cc
./src/OperatingSystems/ServiceRedirectors/ServiceRedirector/ServiceRedirector.h
./src/OperatingSystems/ServiceRedirectors/ServiceRedirector/ServiceRedirector.cc
./src/OperatingSystems/NetworkServices/NetworkService/NetworkService.cc
./src/OperatingSystems/NetworkServices/NetworkService/NetworkService.h
./src/OperatingSystems/NetworkServices/TCP_Services/TCP_ServerSideService.cc
./src/OperatingSystems/NetworkServices/TCP_Services/TCP_ClientSideService.cc
./src/OperatingSystems/NetworkServices/TCP_Services/TCP_ClientSideService.h
./src/OperatingSystems/NetworkServices/TCP_Services/TCP_ServerSideService.h
./src/OperatingSystems/NetworkServices/NullNetworkService/NullNetworkService.h
./src/OperatingSystems/NetworkServices/NullNetworkService/NullNetworkService.cc
./src/Util/ResourcesMeter.h
./src/Util/ResourcesMeter.cc
